// Jest Snapshot v1, https://goo.gl/fbAQLP

exports[`should render correctly 1`] = `
<Item>
  <ItemImage
    as={
      Object {
        "$$typeof": Symbol(react.forward_ref),
        "displayName": "Link",
        "propTypes": Object {
          "innerRef": [Function],
          "onClick": [Function],
          "replace": [Function],
          "target": [Function],
          "to": [Function],
        },
        "render": [Function],
      }
    }
    floated="left"
    to="/series/serid-1"
  >
    <Overridable(LiteratureCover)
      asItem={true}
      size="small"
    />
  </ItemImage>
  <ItemContent>
    <ItemMeta>
      SERIES
    </ItemMeta>
    <ItemHeader
      as={
        Object {
          "$$typeof": Symbol(react.forward_ref),
          "displayName": "Link",
          "propTypes": Object {
            "innerRef": [Function],
            "onClick": [Function],
            "replace": [Function],
            "target": [Function],
            "to": [Function],
          },
          "render": [Function],
        }
      }
      to="/series/serid-1"
    >
      <Overridable(LiteratureTitle)
        title="The Gulf: The Making of An American Sea"
      />
    </ItemHeader>
    <ItemMeta>
      <SeriesAuthors
        authors={
          Array [
            "Einstein, Albert",
            "Stachel, John J et al.",
          ]
        }
        prefix="by "
      />
    </ItemMeta>
    <ItemDescription>
      <Truncate
        ellipsis="... "
        lines={2}
        trimWhitespace={false}
        width={0}
      >
        This is a multipart monograph
      </Truncate>
    </ItemDescription>
    <ItemMeta>
      <Grid>
        <GridColumn
          width={4}
        >
          <List>
            <ListItem>
              <ListContent>
                <span>
                  Languages: 
                </span>
                <SeriesLanguages
                  languages={Array []}
                />
              </ListContent>
            </ListItem>
          </List>
        </GridColumn>
      </Grid>
    </ItemMeta>
    <ItemExtra>
      <Overridable(LiteratureTags) />
    </ItemExtra>
  </ItemContent>
</Item>
`;
