// Jest Snapshot v1, https://goo.gl/fbAQLP

exports[`SeriesCard tests should go to book details when clicking on a book 1`] = `
<SeriesCard
  data={
    Object {
      "metadata": Object {
        "$schema": "https://127.0.0.1:5000/schemas/series/series-v1.0.0.json",
        "abstract": "This is a multipart monograph",
        "authors": Array [
          "Author1",
          "Author2",
        ],
        "edition": "12",
        "mode_of_issuance": "SERIAL",
        "pid": "serid-1",
        "title": "Lorem",
      },
    }
  }
  volume={null}
>
  <Card
    centered={true}
    className="fs-book-card"
    data-test="serid-1"
    link={true}
    onClick={[Function]}
  >
    <a
      className="ui centered link card fs-book-card"
      data-test="serid-1"
      onClick={[Function]}
    >
      <CardMeta
        className="discrete"
      >
        <div
          className="meta discrete"
        >
          Series
        </div>
      </CardMeta>
      <Overridable(LiteratureCover)
        size="small"
      >
        <LiteratureCover
          asItem={false}
          isLoading={false}
          isRestricted={false}
          linkTo={null}
          size="small"
          url={null}
        >
          <Overridable
            asItem={false}
            id="LiteratureCover.placeholder"
            isLoading={false}
            isRestricted={false}
            linkTo={null}
            size="small"
            url={null}
          >
            <Placeholder>
              <div
                className="ui placeholder"
              >
                <PlaceholderImage
                  square={true}
                >
                  <div
                    className="square image"
                  />
                </PlaceholderImage>
              </div>
            </Placeholder>
          </Overridable>
        </LiteratureCover>
      </Overridable(LiteratureCover)>
      <CardContent>
        <div
          className="content"
        >
          <CardHeader>
            <div
              className="header"
            >
              Lorem
            </div>
          </CardHeader>
          <CardMeta>
            <div
              className="meta"
            >
              <div>
                <SeriesAuthors
                  authors={
                    Array [
                      "Author1",
                      "Author2",
                    ]
                  }
                >
                  <div
                    className="document-authors-list-wrapper"
                  >
                    <SeparatedList
                      className="document-authors-list"
                      itemProps={Object {}}
                      items={
                        Array [
                          "Author1",
                          "Author2",
                        ]
                      }
                      prefix={null}
                      separator="; "
                      suffix={null}
                    >
                      <List
                        className="document-authors-list"
                        horizontal={true}
                      >
                        <div
                          className="ui horizontal list document-authors-list"
                          role="list"
                        >
                          <ListItem
                            key="Author1"
                          >
                            <div
                              className="item"
                              onClick={[Function]}
                              role="listitem"
                            >
                              Author1
                              ; 
                            </div>
                          </ListItem>
                          <ListItem
                            key="Author2"
                          >
                            <div
                              className="item"
                              onClick={[Function]}
                              role="listitem"
                            >
                              Author2
                            </div>
                          </ListItem>
                        </div>
                      </List>
                    </SeparatedList>
                  </div>
                </SeriesAuthors>
              </div>
              <div>
                Edition 
                12
              </div>
            </div>
          </CardMeta>
        </div>
      </CardContent>
    </a>
  </Card>
</SeriesCard>
`;

exports[`SeriesCard tests should render the SeriesCard 1`] = `
<SeriesCard
  data={
    Object {
      "metadata": Object {
        "$schema": "https://127.0.0.1:5000/schemas/series/series-v1.0.0.json",
        "abstract": "This is a multipart monograph",
        "authors": Array [
          "Author1",
          "Author2",
        ],
        "edition": "12",
        "mode_of_issuance": "SERIAL",
        "pid": "serid-1",
        "title": "Lorem",
      },
    }
  }
  volume={null}
>
  <Card
    centered={true}
    className="fs-book-card"
    data-test="serid-1"
    link={true}
    onClick={[Function]}
  >
    <a
      className="ui centered link card fs-book-card"
      data-test="serid-1"
      onClick={[Function]}
    >
      <CardMeta
        className="discrete"
      >
        <div
          className="meta discrete"
        >
          Series
        </div>
      </CardMeta>
      <Overridable(LiteratureCover)
        size="small"
      >
        <LiteratureCover
          asItem={false}
          isLoading={false}
          isRestricted={false}
          linkTo={null}
          size="small"
          url={null}
        >
          <Overridable
            asItem={false}
            id="LiteratureCover.placeholder"
            isLoading={false}
            isRestricted={false}
            linkTo={null}
            size="small"
            url={null}
          >
            <Placeholder>
              <div
                className="ui placeholder"
              >
                <PlaceholderImage
                  square={true}
                >
                  <div
                    className="square image"
                  />
                </PlaceholderImage>
              </div>
            </Placeholder>
          </Overridable>
        </LiteratureCover>
      </Overridable(LiteratureCover)>
      <CardContent>
        <div
          className="content"
        >
          <CardHeader>
            <div
              className="header"
            >
              Lorem
            </div>
          </CardHeader>
          <CardMeta>
            <div
              className="meta"
            >
              <div>
                <SeriesAuthors
                  authors={
                    Array [
                      "Author1",
                      "Author2",
                    ]
                  }
                >
                  <div
                    className="document-authors-list-wrapper"
                  >
                    <SeparatedList
                      className="document-authors-list"
                      itemProps={Object {}}
                      items={
                        Array [
                          "Author1",
                          "Author2",
                        ]
                      }
                      prefix={null}
                      separator="; "
                      suffix={null}
                    >
                      <List
                        className="document-authors-list"
                        horizontal={true}
                      >
                        <div
                          className="ui horizontal list document-authors-list"
                          role="list"
                        >
                          <ListItem
                            key="Author1"
                          >
                            <div
                              className="item"
                              onClick={[Function]}
                              role="listitem"
                            >
                              Author1
                              ; 
                            </div>
                          </ListItem>
                          <ListItem
                            key="Author2"
                          >
                            <div
                              className="item"
                              onClick={[Function]}
                              role="listitem"
                            >
                              Author2
                            </div>
                          </ListItem>
                        </div>
                      </List>
                    </SeparatedList>
                  </div>
                </SeriesAuthors>
              </div>
              <div>
                Edition 
                12
              </div>
            </div>
          </CardMeta>
        </div>
      </CardContent>
    </a>
  </Card>
</SeriesCard>
`;
