// Jest Snapshot v1, https://goo.gl/fbAQLP

exports[`LoansCard tests should load the details component 1`] = `
<Overridable(Loader)
  isLoading={false}
>
  <Error
    FallbackComponent={[Function]}
    boundary={false}
    error={Object {}}
    onUIError={null}
  >
    <RecordsBriefCard
      buttonLeft={null}
      buttonRight={
        <SeeAllButton
          disabled={false}
          fluid={true}
          to="/backoffice/loans?q=(state:(PENDING))"
        />
      }
      stats={0}
      text="new requests"
      title="Loans"
    />
  </Error>
</Overridable(Loader)>
`;

exports[`LoansCard tests should render stats with 2 records 1`] = `
<LoansCard
  data={2}
  error={Object {}}
  fetchPendingLoans={
    [MockFunction] {
      "calls": Array [
        Array [],
      ],
      "results": Array [
        Object {
          "type": "return",
          "value": undefined,
        },
      ],
    }
  }
  isLoading={false}
>
  <Overridable(Loader)
    isLoading={false}
  >
    <Loader
      isLoading={false}
    >
      <Overridable
        id="Loader.layout"
        isLoading={false}
      >
        <Error
          FallbackComponent={[Function]}
          boundary={false}
          error={Object {}}
          onUIError={null}
        >
          <RecordsBriefCard
            buttonLeft={null}
            buttonRight={
              <SeeAllButton
                disabled={false}
                fluid={true}
                to="/backoffice/loans?q=(state:(PENDING))"
              />
            }
            stats={2}
            text="new requests"
            title="Loans"
          >
            <Segment
              className="brief-card"
              raised={true}
            >
              <div
                className="ui raised segment brief-card"
              >
                <Header
                  as="h3"
                  textAlign="right"
                >
                  <h3
                    className="ui right aligned header"
                  >
                    Loans
                  </h3>
                </Header>
                <p>
                   
                  <span
                    data-test={2}
                  >
                    2
                  </span>
                   
                  new requests
                </p>
                <Grid>
                  <div
                    className="ui grid"
                  >
                    <GridRow
                      columns="equal"
                    >
                      <div
                        className="equal width row"
                      >
                        <GridColumn
                          key="right"
                        >
                          <div
                            className="column"
                          >
                            <SeeAllButton
                              disabled={false}
                              fluid={true}
                              to="/backoffice/loans?q=(state:(PENDING))"
                            >
                              <Button
                                as={
                                  Object {
                                    "$$typeof": Symbol(react.forward_ref),
                                    "displayName": "Link",
                                    "propTypes": Object {
                                      "innerRef": [MockFunction] {
                                        "calls": Array [
                                          Array [
                                            Object {
                                              "aria-pressed": undefined,
                                              "children": Array [
                                                "See all",
                                                false,
                                                false,
                                              ],
                                              "className": "ui small fluid button",
                                              "disabled": undefined,
                                              "onClick": [Function],
                                              "role": "button",
                                              "tabIndex": undefined,
                                              "to": "/backoffice/loans?q=(state:(PENDING))",
                                            },
                                            "innerRef",
                                            "Link",
                                            "prop",
                                            null,
                                            "SECRET_DO_NOT_PASS_THIS_OR_YOU_WILL_BE_FIRED",
                                          ],
                                          Array [
                                            Object {
                                              "aria-pressed": undefined,
                                              "children": Array [
                                                "See all",
                                                false,
                                                false,
                                              ],
                                              "className": "ui small fluid button",
                                              "disabled": undefined,
                                              "onClick": [Function],
                                              "role": "button",
                                              "tabIndex": undefined,
                                              "to": "/backoffice/loans?q=(state:(PENDING))",
                                            },
                                            "innerRef",
                                            "Link",
                                            "prop",
                                            null,
                                            "SECRET_DO_NOT_PASS_THIS_OR_YOU_WILL_BE_FIRED",
                                          ],
                                        ],
                                        "results": Array [
                                          Object {
                                            "type": "return",
                                            "value": undefined,
                                          },
                                          Object {
                                            "type": "return",
                                            "value": undefined,
                                          },
                                        ],
                                      },
                                      "onClick": [MockFunction] {
                                        "calls": Array [
                                          Array [
                                            Object {
                                              "aria-pressed": undefined,
                                              "children": Array [
                                                "See all",
                                                false,
                                                false,
                                              ],
                                              "className": "ui small fluid button",
                                              "disabled": undefined,
                                              "onClick": [Function],
                                              "role": "button",
                                              "tabIndex": undefined,
                                              "to": "/backoffice/loans?q=(state:(PENDING))",
                                            },
                                            "onClick",
                                            "Link",
                                            "prop",
                                            null,
                                            "SECRET_DO_NOT_PASS_THIS_OR_YOU_WILL_BE_FIRED",
                                          ],
                                          Array [
                                            Object {
                                              "aria-pressed": undefined,
                                              "children": Array [
                                                "See all",
                                                false,
                                                false,
                                              ],
                                              "className": "ui small fluid button",
                                              "disabled": undefined,
                                              "onClick": [Function],
                                              "role": "button",
                                              "tabIndex": undefined,
                                              "to": "/backoffice/loans?q=(state:(PENDING))",
                                            },
                                            "onClick",
                                            "Link",
                                            "prop",
                                            null,
                                            "SECRET_DO_NOT_PASS_THIS_OR_YOU_WILL_BE_FIRED",
                                          ],
                                        ],
                                        "results": Array [
                                          Object {
                                            "type": "return",
                                            "value": undefined,
                                          },
                                          Object {
                                            "type": "return",
                                            "value": undefined,
                                          },
                                        ],
                                      },
                                      "replace": [MockFunction] {
                                        "calls": Array [
                                          Array [
                                            Object {
                                              "aria-pressed": undefined,
                                              "children": Array [
                                                "See all",
                                                false,
                                                false,
                                              ],
                                              "className": "ui small fluid button",
                                              "disabled": undefined,
                                              "onClick": [Function],
                                              "role": "button",
                                              "tabIndex": undefined,
                                              "to": "/backoffice/loans?q=(state:(PENDING))",
                                            },
                                            "replace",
                                            "Link",
                                            "prop",
                                            null,
                                            "SECRET_DO_NOT_PASS_THIS_OR_YOU_WILL_BE_FIRED",
                                          ],
                                          Array [
                                            Object {
                                              "aria-pressed": undefined,
                                              "children": Array [
                                                "See all",
                                                false,
                                                false,
                                              ],
                                              "className": "ui small fluid button",
                                              "disabled": undefined,
                                              "onClick": [Function],
                                              "role": "button",
                                              "tabIndex": undefined,
                                              "to": "/backoffice/loans?q=(state:(PENDING))",
                                            },
                                            "replace",
                                            "Link",
                                            "prop",
                                            null,
                                            "SECRET_DO_NOT_PASS_THIS_OR_YOU_WILL_BE_FIRED",
                                          ],
                                        ],
                                        "results": Array [
                                          Object {
                                            "type": "return",
                                            "value": undefined,
                                          },
                                          Object {
                                            "type": "return",
                                            "value": undefined,
                                          },
                                        ],
                                      },
                                      "target": [MockFunction] {
                                        "calls": Array [
                                          Array [
                                            Object {
                                              "aria-pressed": undefined,
                                              "children": Array [
                                                "See all",
                                                false,
                                                false,
                                              ],
                                              "className": "ui small fluid button",
                                              "disabled": undefined,
                                              "onClick": [Function],
                                              "role": "button",
                                              "tabIndex": undefined,
                                              "to": "/backoffice/loans?q=(state:(PENDING))",
                                            },
                                            "target",
                                            "Link",
                                            "prop",
                                            null,
                                            "SECRET_DO_NOT_PASS_THIS_OR_YOU_WILL_BE_FIRED",
                                          ],
                                          Array [
                                            Object {
                                              "aria-pressed": undefined,
                                              "children": Array [
                                                "See all",
                                                false,
                                                false,
                                              ],
                                              "className": "ui small fluid button",
                                              "disabled": undefined,
                                              "onClick": [Function],
                                              "role": "button",
                                              "tabIndex": undefined,
                                              "to": "/backoffice/loans?q=(state:(PENDING))",
                                            },
                                            "target",
                                            "Link",
                                            "prop",
                                            null,
                                            "SECRET_DO_NOT_PASS_THIS_OR_YOU_WILL_BE_FIRED",
                                          ],
                                        ],
                                        "results": Array [
                                          Object {
                                            "type": "return",
                                            "value": undefined,
                                          },
                                          Object {
                                            "type": "return",
                                            "value": undefined,
                                          },
                                        ],
                                      },
                                      "to": [MockFunction] {
                                        "calls": Array [
                                          Array [
                                            Object {
                                              "aria-pressed": undefined,
                                              "children": Array [
                                                "See all",
                                                false,
                                                false,
                                              ],
                                              "className": "ui small fluid button",
                                              "disabled": undefined,
                                              "onClick": [Function],
                                              "role": "button",
                                              "tabIndex": undefined,
                                              "to": "/backoffice/loans?q=(state:(PENDING))",
                                            },
                                            "to",
                                            "Link",
                                            "prop",
                                            null,
                                            "SECRET_DO_NOT_PASS_THIS_OR_YOU_WILL_BE_FIRED",
                                          ],
                                          Array [
                                            Object {
                                              "aria-pressed": undefined,
                                              "children": Array [
                                                "See all",
                                                false,
                                                false,
                                              ],
                                              "className": "ui small fluid button",
                                              "disabled": undefined,
                                              "onClick": [Function],
                                              "role": "button",
                                              "tabIndex": undefined,
                                              "to": "/backoffice/loans?q=(state:(PENDING))",
                                            },
                                            "to",
                                            "Link",
                                            "prop",
                                            null,
                                            "SECRET_DO_NOT_PASS_THIS_OR_YOU_WILL_BE_FIRED",
                                          ],
                                        ],
                                        "results": Array [
                                          Object {
                                            "type": "return",
                                            "value": undefined,
                                          },
                                          Object {
                                            "type": "return",
                                            "value": undefined,
                                          },
                                        ],
                                      },
                                    },
                                    "render": [MockFunction] {
                                      "calls": Array [
                                        Array [
                                          Object {
                                            "aria-pressed": undefined,
                                            "children": Array [
                                              "See all",
                                              false,
                                              false,
                                            ],
                                            "className": "ui small fluid button",
                                            "disabled": undefined,
                                            "onClick": [Function],
                                            "role": "button",
                                            "tabIndex": undefined,
                                            "to": "/backoffice/loans?q=(state:(PENDING))",
                                          },
                                          [Function],
                                        ],
                                      ],
                                      "results": Array [
                                        Object {
                                          "type": "return",
                                          "value": undefined,
                                        },
                                      ],
                                    },
                                  }
                                }
                                disabled={false}
                                fluid={true}
                                size="small"
                                to="/backoffice/loans?q=(state:(PENDING))"
                              >
                                <Ref
                                  innerRef={
                                    Object {
                                      "current": null,
                                    }
                                  }
                                >
                                  <RefForward
                                    innerRef={
                                      Object {
                                        "current": null,
                                      }
                                    }
                                  >
                                    <Link
                                      className="ui small fluid button"
                                      onClick={[Function]}
                                      role="button"
                                      to="/backoffice/loans?q=(state:(PENDING))"
                                    />
                                  </RefForward>
                                </Ref>
                              </Button>
                            </SeeAllButton>
                          </div>
                        </GridColumn>
                      </div>
                    </GridRow>
                  </div>
                </Grid>
              </div>
            </Segment>
          </RecordsBriefCard>
        </Error>
      </Overridable>
    </Loader>
  </Overridable(Loader)>
</LoansCard>
`;
