// Jest Snapshot v1, https://goo.gl/fbAQLP

exports[`SeriesLiteratureSearch tests should load the SeriesLiteratureSearch component 1`] = `
<Fragment>
  <Divider
    horizontal={true}
  >
    Literature in this 
    MULTIPART_MONOGRAPH
  </Divider>
  <ContextProvider
    value={
      Object {
        "BucketAggregation.element.available-for-loan": [Function],
        "BucketAggregation.element.menu": [Function],
        "BucketAggregationValues.element.available-for-loan": [Function],
        "BucketAggregationValues.element.card": [Function],
        "EmptyResults.element": [Function],
        "Error.element": [Function],
        "Pagination.element": [Function],
        "ResultsGrid": [Function],
        "ResultsList": [Function],
        "SortBy.element.desktop": [Function],
        "SortBy.element.mobile": [Function],
      }
    }
  >
    <Overridable(ReactSearchKit)
      defaultSortingOnEmptyQueryString={
        Object {
          "sortBy": "created",
          "sortOrder": "desc",
        }
      }
      history={
        Object {
          "action": "POP",
          "block": [Function],
          "createHref": [Function],
          "go": [Function],
          "goBack": [Function],
          "goForward": [Function],
          "length": 1,
          "listen": [Function],
          "location": Object {
            "hash": "",
            "pathname": "/",
            "search": "",
            "state": undefined,
          },
          "push": [Function],
          "replace": [Function],
        }
      }
      initialQueryState={
        Object {
          "layout": "grid",
          "page": 1,
          "size": 15,
          "sortBy": "bestmatch",
          "sortOrder": "asc",
        }
      }
      searchApi={
        InvenioSearchApi {
          "axiosConfig": Object {
            "url": "https://127.0.0.1:5000/api/literature/",
            "withCredentials": true,
          },
          "http": [Function],
          "requestInterceptor": undefined,
          "requestSerializer": LiteratureRequestSerializer {
            "_addFilter": [Function],
            "_addFilters": [Function],
            "serialize": [Function],
          },
          "responseInterceptor": undefined,
          "responseSerializer": InvenioResponseSerializer {
            "serialize": [Function],
          },
          "search": [Function],
        }
      }
      urlHandlerApi={
        Object {
          "enabled": false,
        }
      }
    >
      <Container
        className="series-details-search-container"
      >
        <Connect(Overridable(SearchBarUncontrolled))
          actionProps={
            Object {
              "content": null,
              "icon": "search",
            }
          }
          autofocus={true}
          placeholder="Search for volumes or issues..."
          uiProps={
            Object {
              "className": "ils-searchbar",
              "fluid": true,
              "size": "big",
            }
          }
        />
      </Container>
      <Media
        className=""
        greaterThanOrEqual="tablet"
      >
        <Connect(Overridable(ResultsLoader))
          renderElement={[Function]}
        >
          <Connect(Overridable(EmptyResults)) />
          <Connect(Overridable(Error$1)) />
          <Media
            className=""
            greaterThanOrEqual="tablet"
          >
            <SearchControls
              defaultLayout="grid"
              modelName="LITERATURE"
              withLayoutSwitcher={true}
            />
            <Connect(Overridable(ResultsMultiLayout)) />
          </Media>
          <Media
            className=""
            lessThan="computer"
          >
            <SearchControlsMobile
              modelName="LITERATURE"
              stickyRef={null}
            />
          </Media>
          <SearchFooter />
        </Connect(Overridable(ResultsLoader))>
      </Media>
      <Media
        className=""
        lessThan="tablet"
      >
        <SeriesLiteratureSearchMobile
          metadata={
            Object {
              "$schema": "https://127.0.0.1:5000/schemas/series/series-v1.0.0.json",
              "abstract": "This is a multipart monograph",
              "authors": Array [
                "Einstein, Albert",
                "Stachel, John J et al.",
              ],
              "mode_of_issuance": "MULTIPART_MONOGRAPH",
              "pid": "serid-1",
              "title": "The Gulf: The Making of An American Sea",
            }
          }
        />
      </Media>
    </Overridable(ReactSearchKit)>
  </ContextProvider>
</Fragment>
`;
