// Jest Snapshot v1, https://goo.gl/fbAQLP

exports[`DocumentsSearch tests should load the DocumentsSearch component 1`] = `
<LiteratureSearch
  layoutToggle={[MockFunction]}
  overriddenSearchAppCmps={null}
/>
`;
